V3 3
FL "C:/Elec 204 digital design/One_bit_comparator/main.vhd" 2019/08/21.13:11:08 P.20131013
EN work/main 1566383396 \
      FL "C:/Elec 204 digital design/One_bit_comparator/main.vhd" \
      PB ieee/std_logic_1164 1381692176
AR work/main/Behavioral 1566383397 \
      FL "C:/Elec 204 digital design/One_bit_comparator/main.vhd" EN work/main 1566383396
